// Jest Snapshot v1, https://goo.gl/fbAQLP

exports[`DataSheet Component should render the component 1`] = `
<div
  className="tab_container"
  data-testid="tab_container"
>
  <ForwardRef
    className="response_row"
    columns={
      Array [
        Object {
          "cellClassName": undefined,
          "columnData": Object {
            "key": "name",
            "original": Object {
              "columnData": Object {
                "alignRight": false,
                "continuousUpdates": true,
                "formatBlurredInput": [Function],
                "formatInputOnFocus": [Function],
                "parseUserInput": [Function],
                "placeholder": undefined,
              },
              "component": Object {
                "$$typeof": Symbol(react.memo),
                "compare": null,
                "type": [Function],
              },
              "copyValue": [Function],
              "deleteValue": [Function],
              "isCellEmpty": [Function],
              "pasteValue": [Function],
            },
          },
          "component": [Function],
          "copyValue": [Function],
          "deleteValue": [Function],
          "disabled": undefined,
          "id": "name",
          "isCellEmpty": [Function],
          "pasteValue": [Function],
        },
        Object {
          "cellClassName": undefined,
          "columnData": Object {
            "key": "ID",
            "original": Object {
              "columnData": Object {
                "alignRight": true,
                "continuousUpdates": true,
                "formatBlurredInput": [Function],
                "formatInputOnFocus": [Function],
                "parseUserInput": [Function],
                "placeholder": undefined,
              },
              "component": Object {
                "$$typeof": Symbol(react.memo),
                "compare": null,
                "type": [Function],
              },
              "copyValue": [Function],
              "deleteValue": [Function],
              "isCellEmpty": [Function],
              "pasteValue": [Function],
            },
          },
          "component": [Function],
          "copyValue": [Function],
          "deleteValue": [Function],
          "disabled": undefined,
          "id": "ID",
          "isCellEmpty": [Function],
          "pasteValue": [Function],
        },
        Object {
          "cellClassName": undefined,
          "columnData": Object {
            "key": "image",
            "original": Object {
              "columnData": Object {
                "alignRight": false,
                "continuousUpdates": true,
                "formatBlurredInput": [Function],
                "formatInputOnFocus": [Function],
                "parseUserInput": [Function],
                "placeholder": undefined,
              },
              "component": Object {
                "$$typeof": Symbol(react.memo),
                "compare": null,
                "type": [Function],
              },
              "copyValue": [Function],
              "deleteValue": [Function],
              "isCellEmpty": [Function],
              "pasteValue": [Function],
            },
          },
          "component": [Function],
          "copyValue": [Function],
          "deleteValue": [Function],
          "disabled": undefined,
          "id": "image",
          "isCellEmpty": [Function],
          "pasteValue": [Function],
        },
        Object {
          "cellClassName": undefined,
          "columnData": Object {
            "key": "Designation",
            "original": Object {
              "columnData": Object {
                "alignRight": false,
                "continuousUpdates": true,
                "formatBlurredInput": [Function],
                "formatInputOnFocus": [Function],
                "parseUserInput": [Function],
                "placeholder": undefined,
              },
              "component": Object {
                "$$typeof": Symbol(react.memo),
                "compare": null,
                "type": [Function],
              },
              "copyValue": [Function],
              "deleteValue": [Function],
              "isCellEmpty": [Function],
              "pasteValue": [Function],
            },
          },
          "component": [Function],
          "copyValue": [Function],
          "deleteValue": [Function],
          "disabled": undefined,
          "id": "Designation",
          "isCellEmpty": [Function],
          "pasteValue": [Function],
        },
        Object {
          "cellClassName": undefined,
          "columnData": Object {
            "key": "Team",
            "original": Object {
              "columnData": Object {
                "alignRight": false,
                "continuousUpdates": true,
                "formatBlurredInput": [Function],
                "formatInputOnFocus": [Function],
                "parseUserInput": [Function],
                "placeholder": undefined,
              },
              "component": Object {
                "$$typeof": Symbol(react.memo),
                "compare": null,
                "type": [Function],
              },
              "copyValue": [Function],
              "deleteValue": [Function],
              "isCellEmpty": [Function],
              "pasteValue": [Function],
            },
          },
          "component": [Function],
          "copyValue": [Function],
          "deleteValue": [Function],
          "disabled": undefined,
          "id": "Team",
          "isCellEmpty": [Function],
          "pasteValue": [Function],
        },
        Object {
          "cellClassName": undefined,
          "columnData": Object {
            "key": "Manager",
            "original": Object {
              "columnData": Object {
                "alignRight": true,
                "continuousUpdates": true,
                "formatBlurredInput": [Function],
                "formatInputOnFocus": [Function],
                "parseUserInput": [Function],
                "placeholder": undefined,
              },
              "component": Object {
                "$$typeof": Symbol(react.memo),
                "compare": null,
                "type": [Function],
              },
              "copyValue": [Function],
              "deleteValue": [Function],
              "isCellEmpty": [Function],
              "pasteValue": [Function],
            },
          },
          "component": [Function],
          "copyValue": [Function],
          "deleteValue": [Function],
          "disabled": undefined,
          "id": "Manager",
          "isCellEmpty": [Function],
          "pasteValue": [Function],
        },
      ]
    }
    onChange={[Function]}
    rowClassName={[Function]}
    value={Array []}
  />
  <select
    onChange={[Function]}
    value=""
  >
    <option
      value="1"
    >
      1
    </option>
    <option
      value="2"
    >
      2
    </option>
    <option
      value="3"
    >
      3
    </option>
    <option
      value="4"
    >
      4
    </option>
    <option
      value="5"
    >
      5
    </option>
    <option
      value="6"
    >
      6
    </option>
  </select>
  <table
    className="grid"
  >
    <tbody>
      <tr
        className="grid-row"
      >
        <td>
          hid
        </td>
        <td>
          yes
        </td>
      </tr>
    </tbody>
  </table>
  <ul
    role="fruitss"
  >
    <li
      key="Bananas"
    >
      Bananas
    </li>
    <li
      key="Apples"
    >
      Apples
    </li>
    <li
      key="Strawberries"
    >
      Strawberries
    </li>
    <li
      key="Grapes"
    >
      Grapes
    </li>
    <li
      key="Oranges"
    >
      Oranges
    </li>
  </ul>
  <p
    data-testid="para"
  />
  <ForwardRef(FormControl)>
    <ForwardRef(InputBase)
      id="myInput"
    >
      selectyou
    </ForwardRef(InputBase)>
    <ForwardRef(Select)
      data-testid="myInputselect"
      onChange={[Function]}
      value=""
    >
      <ForwardRef(MenuItem)
        value="Bananas"
      />
    </ForwardRef(Select)>
  </ForwardRef(FormControl)>
</div>
`;
